// Jest Snapshot v1, https://goo.gl/fbAQLP

exports[`Renders an overlay 1`] = `
<div
  className="overlay"
>
  Test
</div>
`;
