// Jest Snapshot v1, https://goo.gl/fbAQLP

exports[`Renders a panel 1`] = `
<div
  className="panel"
>
  Test
</div>
`;
